[muttleymutt-coin.com/index.html]
[backblue.gif]
[fade.gif]
[index.html]
[muttleymutt-coin.com/style.css]
[cdnjs.cloudflare.com/ajax/libs/font-awesome/6.0.0-beta2/css/all.min.css]
[muttleymutt-coin.com/img/Muttley-Mutt-Website-Logo.png]
[muttleymutt-coin.com/index-2.html]
[muttleymutt-coin.com/team.html]
[muttleymutt-coin.com/community.html]
[muttleymutt-coin.com/roadmap.html]
[muttleymutt-coin.com/tokenomics.html]
[muttleymutt-coin.com/about-us.html]
[muttleymutt-coin.com/img/Muttley-Mutt-Logo.png]
[muttleymutt-coin.com/img/Meme-Friends.png]
[muttleymutt-coin.com/img/social-icon-facebook.png]
[muttleymutt-coin.com/img/social-icon-linkedin.png]
[muttleymutt-coin.com/img/social-icon-instagram.png]
[muttleymutt-coin.com/img/social-icon-telegram.png]
[muttleymutt-coin.com/img/social-icon-reddit.png]
[muttleymutt-coin.com/img/social-icon-twitter.png]
[muttleymutt-coin.com/img/social-icon-youtube.png]
[muttleymutt-coin.com/img/Footer-Logo.png]
[muttleymutt-coin.com/contact-us.html]
[muttleymutt-coin.com/index.html]
[muttleymutt-coin.com/img/back-7.png]
[muttleymutt-coin.com/style.css]
[cdnjs.cloudflare.com/ajax/libs/font-awesome/6.0.0-beta2/css/all.min.css]
[muttleymutt-coin.com/index-2.html]
[muttleymutt-coin.com/what-is-tokenomics.html]
[muttleymutt-coin.com/why-tokenomics-matter.html]
[muttleymutt-coin.com/compounents-of-tokenomics.html]
[muttleymutt-coin.com/pre-sale.html]
[muttleymutt-coin.com/img/Muttley-Mutt-Banner-600x600.jpg]
[muttleymutt-coin.com/team.html]
[muttleymutt-coin.com/community.html]
[muttleymutt-coin.com/roadmap.html]
[muttleymutt-coin.com/tokenomics.html]
[muttleymutt-coin.com/about-us.html]
[muttleymutt-coin.com/contact-us.html]
[muttleymutt-coin.com/what-is-tokenomics.html]
[muttleymutt-coin.com/why-tokenomics-matter.html]
[muttleymutt-coin.com/compounents-of-tokenomics.html]
[muttleymutt-coin.com/pre-sale.html]
[muttleymutt-coin.com/what-is-token.html]
[muttleymutt-coin.com/what-is-token.html]
